{
  "version": "1.5.0",
  "plugins_used": [
    {
      "name": "ArtifactoryDetector"
    },
    {
      "name": "AWSKeyDetector"
    },
    {
      "name": "AzureStorageKeyDetector"
    },
    {
      "name": "Base64HighEntropyString",
      "limit": 4.5
    },
    {
      "name": "BasicAuthDetector"
    },
    {
      "name": "CloudantDetector"
    },
    {
      "name": "DiscordBotTokenDetector"
    },
    {
      "name": "GitHubTokenDetector"
    },
    {
      "name": "HexHighEntropyString",
      "limit": 3.0
    },
    {
      "name": "IbmCloudIamDetector"
    },
    {
      "name": "IbmCosHmacDetector"
    },
    {
      "name": "JwtTokenDetector"
    },
    {
      "name": "KeywordDetector",
      "keyword_exclude": ""
    },
    {
      "name": "MailchimpDetector"
    },
    {
      "name": "NpmDetector"
    },
    {
      "name": "PrivateKeyDetector"
    },
    {
      "name": "SendGridDetector"
    },
    {
      "name": "SlackDetector"
    },
    {
      "name": "SoftlayerDetector"
    },
    {
      "name": "SquareOAuthDetector"
    },
    {
      "name": "StripeDetector"
    },
    {
      "name": "TwilioKeyDetector"
    }
  ],
  "filters_used": [
    {
      "path": "detect_secrets.filters.allowlist.is_line_allowlisted"
    },
    {
      "path": "detect_secrets.filters.common.is_ignored_due_to_verification_policies",
      "min_level": 2
    },
    {
      "path": "detect_secrets.filters.heuristic.is_indirect_reference"
    },
    {
      "path": "detect_secrets.filters.heuristic.is_likely_id_string"
    },
    {
      "path": "detect_secrets.filters.heuristic.is_lock_file"
    },
    {
      "path": "detect_secrets.filters.heuristic.is_not_alphanumeric_string"
    },
    {
      "path": "detect_secrets.filters.heuristic.is_potential_uuid"
    },
    {
      "path": "detect_secrets.filters.heuristic.is_prefixed_with_dollar_sign"
    },
    {
      "path": "detect_secrets.filters.heuristic.is_sequential_string"
    },
    {
      "path": "detect_secrets.filters.heuristic.is_swagger_file"
    },
    {
      "path": "detect_secrets.filters.heuristic.is_templated_secret"
    }
  ],
  "results": {
    ".cruft.json": [
      {
        "type": "Hex High Entropy String",
        "filename": ".cruft.json",
        "hashed_secret": "7b73381c44ea07b5405ad3970aac5c015990d41b",
        "is_verified": false,
        "line_number": 3
      }
    ],
    "gdc-mirna-workflow/dockers.json": [
      {
        "type": "Hex High Entropy String",
        "filename": "gdc-mirna-workflow/dockers.json",
        "hashed_secret": "076149d4b29550c84ac1d9f95080bc7ffed852b4",
        "is_verified": false,
        "line_number": 6
      },
      {
        "type": "Hex High Entropy String",
        "filename": "gdc-mirna-workflow/dockers.json",
        "hashed_secret": "1c7d94661f7b215d70638e4d700634218c40ad8e",
        "is_verified": false,
        "line_number": 7
      },
      {
        "type": "Hex High Entropy String",
        "filename": "gdc-mirna-workflow/dockers.json",
        "hashed_secret": "2f14c08e97808c63b5986a9fb86ce6d13edccfa1",
        "is_verified": false,
        "line_number": 8
      },
      {
        "type": "Hex High Entropy String",
        "filename": "gdc-mirna-workflow/dockers.json",
        "hashed_secret": "a55ed7a057c7edee6c9560ef4298f5f7939b2dc2",
        "is_verified": false,
        "line_number": 9
      },
      {
        "type": "Hex High Entropy String",
        "filename": "gdc-mirna-workflow/dockers.json",
        "hashed_secret": "9ba9785e9d5ad470fab3a3fac4b201f18ac35876",
        "is_verified": false,
        "line_number": 10
      },
      {
        "type": "Hex High Entropy String",
        "filename": "gdc-mirna-workflow/dockers.json",
        "hashed_secret": "b287314600ba074479581bb919a8fb221af9d367",
        "is_verified": false,
        "line_number": 11
      },
      {
        "type": "Hex High Entropy String",
        "filename": "gdc-mirna-workflow/dockers.json",
        "hashed_secret": "f4ead6e323ad7fd3419a29473fd1dec397388022",
        "is_verified": false,
        "line_number": 12
      },
      {
        "type": "Hex High Entropy String",
        "filename": "gdc-mirna-workflow/dockers.json",
        "hashed_secret": "cb60132c72ef295b88aa00a6b7a138134fb34bdf",
        "is_verified": false,
        "line_number": 13
      },
      {
        "type": "Hex High Entropy String",
        "filename": "gdc-mirna-workflow/dockers.json",
        "hashed_secret": "30a720c4c6f44684244443cbf019aacf4c45060e",
        "is_verified": false,
        "line_number": 14
      },
      {
        "type": "Hex High Entropy String",
        "filename": "gdc-mirna-workflow/dockers.json",
        "hashed_secret": "7a675a58377346fe4a9f4e3a3dd404ce2437dab2",
        "is_verified": false,
        "line_number": 16
      },
      {
        "type": "Hex High Entropy String",
        "filename": "gdc-mirna-workflow/dockers.json",
        "hashed_secret": "bec1f87b79b510dbcd135c135d7f3cf4663603c9",
        "is_verified": false,
        "line_number": 17
      },
      {
        "type": "Hex High Entropy String",
        "filename": "gdc-mirna-workflow/dockers.json",
        "hashed_secret": "5ab41bcfbe0bda5dd064758836983708791cf055",
        "is_verified": false,
        "line_number": 20
      },
      {
        "type": "Hex High Entropy String",
        "filename": "gdc-mirna-workflow/dockers.json",
        "hashed_secret": "3d055e679fe09c30807ac3a0b686cfc43674d73b",
        "is_verified": false,
        "line_number": 21
      },
      {
        "type": "Hex High Entropy String",
        "filename": "gdc-mirna-workflow/dockers.json",
        "hashed_secret": "22b5cf6dab89595dbc5c5e45ca65362130b9f012",
        "is_verified": false,
        "line_number": 22
      }
    ]
  },
  "generated_at": "2025-01-27T19:57:22Z"
}
